[2023-08-14T15:31:45.771+0200][gc] Using G1
[2023-08-14T15:31:45.773+0200][gc,init] Version: 17.0.6+10 (release)
[2023-08-14T15:31:45.773+0200][gc,init] CPUs: 8 total, 8 available
[2023-08-14T15:31:45.773+0200][gc,init] Memory: 16384M
[2023-08-14T15:31:45.773+0200][gc,init] Large Page Support: Disabled
[2023-08-14T15:31:45.773+0200][gc,init] NUMA Support: Disabled
[2023-08-14T15:31:45.773+0200][gc,init] Compressed Oops: Enabled (Zero based)
[2023-08-14T15:31:45.773+0200][gc,init] Heap Region Size: 1M
[2023-08-14T15:31:45.773+0200][gc,init] Heap Min Capacity: 1G
[2023-08-14T15:31:45.773+0200][gc,init] Heap Initial Capacity: 1G
[2023-08-14T15:31:45.773+0200][gc,init] Heap Max Capacity: 1G
[2023-08-14T15:31:45.773+0200][gc,init] Pre-touch: Disabled
[2023-08-14T15:31:45.773+0200][gc,init] Parallel Workers: 8
[2023-08-14T15:31:45.773+0200][gc,init] Concurrent Workers: 2
[2023-08-14T15:31:45.773+0200][gc,init] Concurrent Refinement Workers: 8
[2023-08-14T15:31:45.773+0200][gc,init] Periodic GC: Disabled
[2023-08-14T15:31:45.773+0200][gc,metaspace] CDS archive(s) not mapped
[2023-08-14T15:31:45.773+0200][gc,metaspace] Compressed class space mapped at: 0x0000000800000000-0x0000000840000000, reserved size: 1073741824
[2023-08-14T15:31:45.773+0200][gc,metaspace] Narrow klass base: 0x0000000800000000, Narrow klass shift: 0, Narrow klass range: 0x40000000
[2023-08-14T15:31:51.235+0200][gc,start    ] GC(0) Pause Young (Concurrent Start) (Metadata GC Threshold)
[2023-08-14T15:31:51.235+0200][gc,task     ] GC(0) Using 8 workers of 8 for evacuation
[2023-08-14T15:31:51.239+0200][gc,phases   ] GC(0)   Pre Evacuate Collection Set: 0.1ms
[2023-08-14T15:31:51.239+0200][gc,phases   ] GC(0)   Merge Heap Roots: 0.1ms
[2023-08-14T15:31:51.239+0200][gc,phases   ] GC(0)   Evacuate Collection Set: 2.8ms
[2023-08-14T15:31:51.239+0200][gc,phases   ] GC(0)   Post Evacuate Collection Set: 0.2ms
[2023-08-14T15:31:51.239+0200][gc,phases   ] GC(0)   Other: 0.3ms
[2023-08-14T15:31:51.239+0200][gc,heap     ] GC(0) Eden regions: 35->0(44)
[2023-08-14T15:31:51.239+0200][gc,heap     ] GC(0) Survivor regions: 0->7(7)
[2023-08-14T15:31:51.239+0200][gc,heap     ] GC(0) Old regions: 0->1
[2023-08-14T15:31:51.239+0200][gc,heap     ] GC(0) Archive regions: 0->0
[2023-08-14T15:31:51.239+0200][gc,heap     ] GC(0) Humongous regions: 0->0
[2023-08-14T15:31:51.239+0200][gc,metaspace] GC(0) Metaspace: 21332K(21504K)->21332K(21504K) NonClass: 19010K(19072K)->19010K(19072K) Class: 2321K(2432K)->2321K(2432K)
[2023-08-14T15:31:51.239+0200][gc          ] GC(0) Pause Young (Concurrent Start) (Metadata GC Threshold) 34M->7M(1024M) 3.581ms
[2023-08-14T15:31:51.239+0200][gc,cpu      ] GC(0) User=0.01s Sys=0.01s Real=0.00s
[2023-08-14T15:31:51.239+0200][gc          ] GC(1) Concurrent Mark Cycle
[2023-08-14T15:31:51.239+0200][gc,marking  ] GC(1) Concurrent Clear Claimed Marks
[2023-08-14T15:31:51.239+0200][gc,marking  ] GC(1) Concurrent Clear Claimed Marks 0.008ms
[2023-08-14T15:31:51.239+0200][gc,marking  ] GC(1) Concurrent Scan Root Regions
[2023-08-14T15:31:51.240+0200][gc,marking  ] GC(1) Concurrent Scan Root Regions 0.979ms
[2023-08-14T15:31:51.240+0200][gc,marking  ] GC(1) Concurrent Mark
[2023-08-14T15:31:51.240+0200][gc,marking  ] GC(1) Concurrent Mark From Roots
[2023-08-14T15:31:51.240+0200][gc,task     ] GC(1) Using 2 workers of 2 for marking
[2023-08-14T15:31:51.240+0200][gc,marking  ] GC(1) Concurrent Mark From Roots 0.229ms
[2023-08-14T15:31:51.240+0200][gc,marking  ] GC(1) Concurrent Preclean
[2023-08-14T15:31:51.240+0200][gc,marking  ] GC(1) Concurrent Preclean 0.014ms
[2023-08-14T15:31:51.240+0200][gc,start    ] GC(1) Pause Remark
[2023-08-14T15:31:51.241+0200][gc          ] GC(1) Pause Remark 7M->7M(1024M) 0.734ms
[2023-08-14T15:31:51.241+0200][gc,cpu      ] GC(1) User=0.00s Sys=0.00s Real=0.00s
[2023-08-14T15:31:51.241+0200][gc,marking  ] GC(1) Concurrent Mark 1.106ms
[2023-08-14T15:31:51.241+0200][gc,marking  ] GC(1) Concurrent Rebuild Remembered Sets
[2023-08-14T15:31:51.241+0200][gc,marking  ] GC(1) Concurrent Rebuild Remembered Sets 0.089ms
[2023-08-14T15:31:51.241+0200][gc,start    ] GC(1) Pause Cleanup
[2023-08-14T15:31:51.241+0200][gc          ] GC(1) Pause Cleanup 7M->7M(1024M) 0.095ms
[2023-08-14T15:31:51.241+0200][gc,cpu      ] GC(1) User=0.00s Sys=0.00s Real=0.00s
[2023-08-14T15:31:51.241+0200][gc,marking  ] GC(1) Concurrent Cleanup for Next Mark
[2023-08-14T15:31:51.244+0200][gc,marking  ] GC(1) Concurrent Cleanup for Next Mark 2.565ms
[2023-08-14T15:31:51.244+0200][gc          ] GC(1) Concurrent Mark Cycle 5.010ms
[2023-08-14T15:31:52.194+0200][gc,start    ] GC(2) Pause Young (Normal) (G1 Evacuation Pause)
[2023-08-14T15:31:52.194+0200][gc,task     ] GC(2) Using 8 workers of 8 for evacuation
[2023-08-14T15:31:52.198+0200][gc,phases   ] GC(2)   Pre Evacuate Collection Set: 0.1ms
[2023-08-14T15:31:52.198+0200][gc,phases   ] GC(2)   Merge Heap Roots: 0.0ms
[2023-08-14T15:31:52.198+0200][gc,phases   ] GC(2)   Evacuate Collection Set: 3.9ms
[2023-08-14T15:31:52.198+0200][gc,phases   ] GC(2)   Post Evacuate Collection Set: 0.2ms
[2023-08-14T15:31:52.198+0200][gc,phases   ] GC(2)   Other: 0.1ms
[2023-08-14T15:31:52.198+0200][gc,heap     ] GC(2) Eden regions: 44->0(48)
[2023-08-14T15:31:52.198+0200][gc,heap     ] GC(2) Survivor regions: 7->3(7)
[2023-08-14T15:31:52.198+0200][gc,heap     ] GC(2) Old regions: 1->7
[2023-08-14T15:31:52.198+0200][gc,heap     ] GC(2) Archive regions: 0->0
[2023-08-14T15:31:52.198+0200][gc,heap     ] GC(2) Humongous regions: 129->129
[2023-08-14T15:31:52.198+0200][gc,metaspace] GC(2) Metaspace: 33870K(34112K)->33870K(34112K) NonClass: 30245K(30336K)->30245K(30336K) Class: 3625K(3776K)->3625K(3776K)
[2023-08-14T15:31:52.198+0200][gc          ] GC(2) Pause Young (Normal) (G1 Evacuation Pause) 180M->138M(1024M) 4.440ms
[2023-08-14T15:31:52.198+0200][gc,cpu      ] GC(2) User=0.02s Sys=0.01s Real=0.00s
[2023-08-14T15:31:52.201+0200][gc,heap,exit] Heap
[2023-08-14T15:31:52.201+0200][gc,heap,exit]  garbage-first heap   total 1048576K, used 143731K [0x00000007c0000000, 0x0000000800000000)
[2023-08-14T15:31:52.201+0200][gc,heap,exit]   region size 1024K, 5 young (5120K), 3 survivors (3072K)
[2023-08-14T15:31:52.201+0200][gc,heap,exit]  Metaspace       used 34033K, committed 34240K, reserved 1081344K
[2023-08-14T15:31:52.201+0200][gc,heap,exit]   class space    used 3664K, committed 3776K, reserved 1048576K
