[2023-08-14T16:06:45.995+0200][gc] Using G1
[2023-08-14T16:06:45.996+0200][gc,init] Version: 17.0.6+10 (release)
[2023-08-14T16:06:45.996+0200][gc,init] CPUs: 8 total, 8 available
[2023-08-14T16:06:45.996+0200][gc,init] Memory: 16384M
[2023-08-14T16:06:45.996+0200][gc,init] Large Page Support: Disabled
[2023-08-14T16:06:45.996+0200][gc,init] NUMA Support: Disabled
[2023-08-14T16:06:45.996+0200][gc,init] Compressed Oops: Enabled (Zero based)
[2023-08-14T16:06:45.996+0200][gc,init] Heap Region Size: 1M
[2023-08-14T16:06:45.996+0200][gc,init] Heap Min Capacity: 1G
[2023-08-14T16:06:45.996+0200][gc,init] Heap Initial Capacity: 1G
[2023-08-14T16:06:45.996+0200][gc,init] Heap Max Capacity: 1G
[2023-08-14T16:06:45.996+0200][gc,init] Pre-touch: Disabled
[2023-08-14T16:06:45.996+0200][gc,init] Parallel Workers: 8
[2023-08-14T16:06:45.996+0200][gc,init] Concurrent Workers: 2
[2023-08-14T16:06:45.996+0200][gc,init] Concurrent Refinement Workers: 8
[2023-08-14T16:06:45.996+0200][gc,init] Periodic GC: Disabled
[2023-08-14T16:06:45.996+0200][gc,metaspace] CDS archive(s) not mapped
[2023-08-14T16:06:45.996+0200][gc,metaspace] Compressed class space mapped at: 0x0000000800000000-0x0000000840000000, reserved size: 1073741824
[2023-08-14T16:06:45.996+0200][gc,metaspace] Narrow klass base: 0x0000000800000000, Narrow klass shift: 0, Narrow klass range: 0x40000000
[2023-08-14T16:06:51.508+0200][gc,start    ] GC(0) Pause Young (Concurrent Start) (Metadata GC Threshold)
[2023-08-14T16:06:51.509+0200][gc,task     ] GC(0) Using 8 workers of 8 for evacuation
[2023-08-14T16:06:51.512+0200][gc,phases   ] GC(0)   Pre Evacuate Collection Set: 0.3ms
[2023-08-14T16:06:51.512+0200][gc,phases   ] GC(0)   Merge Heap Roots: 0.0ms
[2023-08-14T16:06:51.512+0200][gc,phases   ] GC(0)   Evacuate Collection Set: 3.2ms
[2023-08-14T16:06:51.512+0200][gc,phases   ] GC(0)   Post Evacuate Collection Set: 0.2ms
[2023-08-14T16:06:51.512+0200][gc,phases   ] GC(0)   Other: 0.3ms
[2023-08-14T16:06:51.512+0200][gc,heap     ] GC(0) Eden regions: 35->0(44)
[2023-08-14T16:06:51.512+0200][gc,heap     ] GC(0) Survivor regions: 0->7(7)
[2023-08-14T16:06:51.512+0200][gc,heap     ] GC(0) Old regions: 0->1
[2023-08-14T16:06:51.512+0200][gc,heap     ] GC(0) Archive regions: 0->0
[2023-08-14T16:06:51.512+0200][gc,heap     ] GC(0) Humongous regions: 0->0
[2023-08-14T16:06:51.512+0200][gc,metaspace] GC(0) Metaspace: 21321K(21504K)->21321K(21504K) NonClass: 18999K(19072K)->18999K(19072K) Class: 2321K(2432K)->2321K(2432K)
[2023-08-14T16:06:51.512+0200][gc          ] GC(0) Pause Young (Concurrent Start) (Metadata GC Threshold) 35M->7M(1024M) 4.146ms
[2023-08-14T16:06:51.512+0200][gc,cpu      ] GC(0) User=0.01s Sys=0.00s Real=0.01s
[2023-08-14T16:06:51.512+0200][gc          ] GC(1) Concurrent Mark Cycle
[2023-08-14T16:06:51.513+0200][gc,marking  ] GC(1) Concurrent Clear Claimed Marks
[2023-08-14T16:06:51.513+0200][gc,marking  ] GC(1) Concurrent Clear Claimed Marks 0.008ms
[2023-08-14T16:06:51.513+0200][gc,marking  ] GC(1) Concurrent Scan Root Regions
[2023-08-14T16:06:51.514+0200][gc,marking  ] GC(1) Concurrent Scan Root Regions 1.761ms
[2023-08-14T16:06:51.514+0200][gc,marking  ] GC(1) Concurrent Mark
[2023-08-14T16:06:51.514+0200][gc,marking  ] GC(1) Concurrent Mark From Roots
[2023-08-14T16:06:51.514+0200][gc,task     ] GC(1) Using 2 workers of 2 for marking
[2023-08-14T16:06:51.515+0200][gc,marking  ] GC(1) Concurrent Mark From Roots 0.209ms
[2023-08-14T16:06:51.515+0200][gc,marking  ] GC(1) Concurrent Preclean
[2023-08-14T16:06:51.515+0200][gc,marking  ] GC(1) Concurrent Preclean 0.015ms
[2023-08-14T16:06:51.515+0200][gc,start    ] GC(1) Pause Remark
[2023-08-14T16:06:51.515+0200][gc          ] GC(1) Pause Remark 7M->7M(1024M) 0.795ms
[2023-08-14T16:06:51.515+0200][gc,cpu      ] GC(1) User=0.01s Sys=0.00s Real=0.00s
[2023-08-14T16:06:51.515+0200][gc,marking  ] GC(1) Concurrent Mark 1.129ms
[2023-08-14T16:06:51.515+0200][gc,marking  ] GC(1) Concurrent Rebuild Remembered Sets
[2023-08-14T16:06:51.516+0200][gc,marking  ] GC(1) Concurrent Rebuild Remembered Sets 0.079ms
[2023-08-14T16:06:51.516+0200][gc,start    ] GC(1) Pause Cleanup
[2023-08-14T16:06:51.516+0200][gc          ] GC(1) Pause Cleanup 7M->7M(1024M) 0.082ms
[2023-08-14T16:06:51.516+0200][gc,cpu      ] GC(1) User=0.00s Sys=0.00s Real=0.00s
[2023-08-14T16:06:51.516+0200][gc,marking  ] GC(1) Concurrent Cleanup for Next Mark
[2023-08-14T16:06:51.517+0200][gc,marking  ] GC(1) Concurrent Cleanup for Next Mark 1.640ms
[2023-08-14T16:06:51.517+0200][gc          ] GC(1) Concurrent Mark Cycle 4.873ms
[2023-08-14T16:06:52.322+0200][gc,start    ] GC(2) Pause Young (Normal) (G1 Evacuation Pause)
[2023-08-14T16:06:52.322+0200][gc,task     ] GC(2) Using 8 workers of 8 for evacuation
[2023-08-14T16:06:52.331+0200][gc,phases   ] GC(2)   Pre Evacuate Collection Set: 0.1ms
[2023-08-14T16:06:52.331+0200][gc,phases   ] GC(2)   Merge Heap Roots: 0.0ms
[2023-08-14T16:06:52.331+0200][gc,phases   ] GC(2)   Evacuate Collection Set: 7.9ms
[2023-08-14T16:06:52.331+0200][gc,phases   ] GC(2)   Post Evacuate Collection Set: 0.3ms
[2023-08-14T16:06:52.331+0200][gc,phases   ] GC(2)   Other: 0.1ms
[2023-08-14T16:06:52.331+0200][gc,heap     ] GC(2) Eden regions: 44->0(48)
[2023-08-14T16:06:52.331+0200][gc,heap     ] GC(2) Survivor regions: 7->3(7)
[2023-08-14T16:06:52.331+0200][gc,heap     ] GC(2) Old regions: 1->7
[2023-08-14T16:06:52.331+0200][gc,heap     ] GC(2) Archive regions: 0->0
[2023-08-14T16:06:52.331+0200][gc,heap     ] GC(2) Humongous regions: 129->129
[2023-08-14T16:06:52.331+0200][gc,metaspace] GC(2) Metaspace: 33706K(33984K)->33706K(33984K) NonClass: 30109K(30272K)->30109K(30272K) Class: 3596K(3712K)->3596K(3712K)
[2023-08-14T16:06:52.331+0200][gc          ] GC(2) Pause Young (Normal) (G1 Evacuation Pause) 180M->138M(1024M) 8.469ms
[2023-08-14T16:06:52.331+0200][gc,cpu      ] GC(2) User=0.01s Sys=0.01s Real=0.01s
[2023-08-14T16:06:52.416+0200][gc,start    ] GC(3) Pause Young (Concurrent Start) (Metadata GC Threshold)
[2023-08-14T16:06:52.416+0200][gc,task     ] GC(3) Using 8 workers of 8 for evacuation
[2023-08-14T16:06:52.418+0200][gc,phases   ] GC(3)   Pre Evacuate Collection Set: 0.1ms
[2023-08-14T16:06:52.418+0200][gc,phases   ] GC(3)   Merge Heap Roots: 0.0ms
[2023-08-14T16:06:52.418+0200][gc,phases   ] GC(3)   Evacuate Collection Set: 1.4ms
[2023-08-14T16:06:52.418+0200][gc,phases   ] GC(3)   Post Evacuate Collection Set: 0.2ms
[2023-08-14T16:06:52.418+0200][gc,phases   ] GC(3)   Other: 0.1ms
[2023-08-14T16:06:52.418+0200][gc,heap     ] GC(3) Eden regions: 16->0(46)
[2023-08-14T16:06:52.418+0200][gc,heap     ] GC(3) Survivor regions: 3->5(7)
[2023-08-14T16:06:52.418+0200][gc,heap     ] GC(3) Old regions: 7->7
[2023-08-14T16:06:52.418+0200][gc,heap     ] GC(3) Archive regions: 0->0
[2023-08-14T16:06:52.418+0200][gc,heap     ] GC(3) Humongous regions: 129->129
[2023-08-14T16:06:52.418+0200][gc,metaspace] GC(3) Metaspace: 35743K(35968K)->35743K(35968K) NonClass: 31878K(32000K)->31878K(32000K) Class: 3864K(3968K)->3864K(3968K)
[2023-08-14T16:06:52.418+0200][gc          ] GC(3) Pause Young (Concurrent Start) (Metadata GC Threshold) 154M->140M(1024M) 1.875ms
[2023-08-14T16:06:52.418+0200][gc,cpu      ] GC(3) User=0.02s Sys=0.00s Real=0.00s
[2023-08-14T16:06:52.418+0200][gc          ] GC(4) Concurrent Mark Cycle
[2023-08-14T16:06:52.418+0200][gc,marking  ] GC(4) Concurrent Clear Claimed Marks
[2023-08-14T16:06:52.418+0200][gc,marking  ] GC(4) Concurrent Clear Claimed Marks 0.010ms
[2023-08-14T16:06:52.418+0200][gc,marking  ] GC(4) Concurrent Scan Root Regions
[2023-08-14T16:06:52.419+0200][gc,marking  ] GC(4) Concurrent Scan Root Regions 1.111ms
[2023-08-14T16:06:52.419+0200][gc,marking  ] GC(4) Concurrent Mark
[2023-08-14T16:06:52.419+0200][gc,marking  ] GC(4) Concurrent Mark From Roots
[2023-08-14T16:06:52.419+0200][gc,task     ] GC(4) Using 2 workers of 2 for marking
[2023-08-14T16:06:52.422+0200][gc,marking  ] GC(4) Concurrent Mark From Roots 2.670ms
[2023-08-14T16:06:52.422+0200][gc,marking  ] GC(4) Concurrent Preclean
[2023-08-14T16:06:52.422+0200][gc,marking  ] GC(4) Concurrent Preclean 0.033ms
[2023-08-14T16:06:52.422+0200][gc,start    ] GC(4) Pause Remark
[2023-08-14T16:06:52.422+0200][gc          ] GC(4) Pause Remark 141M->141M(1024M) 0.709ms
[2023-08-14T16:06:52.422+0200][gc,cpu      ] GC(4) User=0.00s Sys=0.00s Real=0.00s
[2023-08-14T16:06:52.422+0200][gc,marking  ] GC(4) Concurrent Mark 3.569ms
[2023-08-14T16:06:52.422+0200][gc,marking  ] GC(4) Concurrent Rebuild Remembered Sets
[2023-08-14T16:06:52.422+0200][gc,marking  ] GC(4) Concurrent Rebuild Remembered Sets 0.004ms
[2023-08-14T16:06:52.422+0200][gc,start    ] GC(4) Pause Cleanup
[2023-08-14T16:06:52.422+0200][gc          ] GC(4) Pause Cleanup 141M->141M(1024M) 0.011ms
[2023-08-14T16:06:52.422+0200][gc,cpu      ] GC(4) User=0.00s Sys=0.00s Real=0.00s
[2023-08-14T16:06:52.423+0200][gc,marking  ] GC(4) Concurrent Cleanup for Next Mark
[2023-08-14T16:06:52.424+0200][gc,marking  ] GC(4) Concurrent Cleanup for Next Mark 1.431ms
[2023-08-14T16:06:52.424+0200][gc          ] GC(4) Concurrent Mark Cycle 6.381ms
[2023-08-14T16:38:36.674+0200][gc,start    ] GC(5) Pause Young (Normal) (G1 Evacuation Pause)
[2023-08-14T16:38:36.674+0200][gc,task     ] GC(5) Using 8 workers of 8 for evacuation
[2023-08-14T16:38:36.684+0200][gc,phases   ] GC(5)   Pre Evacuate Collection Set: 0.3ms
[2023-08-14T16:38:36.684+0200][gc,phases   ] GC(5)   Merge Heap Roots: 1.2ms
[2023-08-14T16:38:36.684+0200][gc,phases   ] GC(5)   Evacuate Collection Set: 7.8ms
[2023-08-14T16:38:36.684+0200][gc,phases   ] GC(5)   Post Evacuate Collection Set: 0.5ms
[2023-08-14T16:38:36.684+0200][gc,phases   ] GC(5)   Other: 0.1ms
[2023-08-14T16:38:36.684+0200][gc,heap     ] GC(5) Eden regions: 46->0(45)
[2023-08-14T16:38:36.684+0200][gc,heap     ] GC(5) Survivor regions: 5->6(7)
[2023-08-14T16:38:36.684+0200][gc,heap     ] GC(5) Old regions: 7->10
[2023-08-14T16:38:36.684+0200][gc,heap     ] GC(5) Archive regions: 0->0
[2023-08-14T16:38:36.684+0200][gc,heap     ] GC(5) Humongous regions: 129->129
[2023-08-14T16:38:36.684+0200][gc,metaspace] GC(5) Metaspace: 44275K(44608K)->44275K(44608K) NonClass: 39288K(39488K)->39288K(39488K) Class: 4987K(5120K)->4987K(5120K)
[2023-08-14T16:38:36.684+0200][gc          ] GC(5) Pause Young (Normal) (G1 Evacuation Pause) 186M->143M(1024M) 9.952ms
[2023-08-14T16:38:36.684+0200][gc,cpu      ] GC(5) User=0.03s Sys=0.02s Real=0.01s
[2023-08-14T17:15:46.693+0200][gc,start    ] GC(6) Pause Young (Normal) (G1 Evacuation Pause)
[2023-08-14T17:15:46.693+0200][gc,task     ] GC(6) Using 8 workers of 8 for evacuation
[2023-08-14T17:15:46.715+0200][gc,mmu      ] GC(6) MMU target violated: 21.0ms (20.0ms/21.0ms)
[2023-08-14T17:15:46.715+0200][gc,phases   ] GC(6)   Pre Evacuate Collection Set: 0.7ms
[2023-08-14T17:15:46.715+0200][gc,phases   ] GC(6)   Merge Heap Roots: 0.2ms
[2023-08-14T17:15:46.715+0200][gc,phases   ] GC(6)   Evacuate Collection Set: 20.5ms
[2023-08-14T17:15:46.715+0200][gc,phases   ] GC(6)   Post Evacuate Collection Set: 0.7ms
[2023-08-14T17:15:46.715+0200][gc,phases   ] GC(6)   Other: 0.4ms
[2023-08-14T17:15:46.715+0200][gc,heap     ] GC(6) Eden regions: 45->0(47)
[2023-08-14T17:15:46.715+0200][gc,heap     ] GC(6) Survivor regions: 6->4(7)
[2023-08-14T17:15:46.715+0200][gc,heap     ] GC(6) Old regions: 10->12
[2023-08-14T17:15:46.715+0200][gc,heap     ] GC(6) Archive regions: 0->0
[2023-08-14T17:15:46.715+0200][gc,heap     ] GC(6) Humongous regions: 129->129
[2023-08-14T17:15:46.715+0200][gc,metaspace] GC(6) Metaspace: 46851K(47360K)->46851K(47360K) NonClass: 41499K(41792K)->41499K(41792K) Class: 5351K(5568K)->5351K(5568K)
[2023-08-14T17:15:46.715+0200][gc          ] GC(6) Pause Young (Normal) (G1 Evacuation Pause) 188M->144M(1024M) 22.314ms
[2023-08-14T17:15:46.715+0200][gc,cpu      ] GC(6) User=0.02s Sys=0.04s Real=0.02s
[2023-08-14T17:34:54.679+0200][gc,start    ] GC(7) Pause Young (Normal) (G1 Evacuation Pause)
[2023-08-14T17:34:54.681+0200][gc,task     ] GC(7) Using 8 workers of 8 for evacuation
[2023-08-14T17:34:54.722+0200][gc,mmu      ] GC(7) MMU target violated: 21.0ms (20.0ms/21.0ms)
[2023-08-14T17:34:54.722+0200][gc,phases   ] GC(7)   Pre Evacuate Collection Set: 1.2ms
[2023-08-14T17:34:54.722+0200][gc,phases   ] GC(7)   Merge Heap Roots: 0.4ms
[2023-08-14T17:34:54.722+0200][gc,phases   ] GC(7)   Evacuate Collection Set: 37.3ms
[2023-08-14T17:34:54.722+0200][gc,phases   ] GC(7)   Post Evacuate Collection Set: 1.6ms
[2023-08-14T17:34:54.722+0200][gc,phases   ] GC(7)   Other: 2.5ms
[2023-08-14T17:34:54.722+0200][gc,heap     ] GC(7) Eden regions: 47->0(45)
[2023-08-14T17:34:54.722+0200][gc,heap     ] GC(7) Survivor regions: 4->6(7)
[2023-08-14T17:34:54.722+0200][gc,heap     ] GC(7) Old regions: 12->12
[2023-08-14T17:34:54.722+0200][gc,heap     ] GC(7) Archive regions: 0->0
[2023-08-14T17:34:54.722+0200][gc,heap     ] GC(7) Humongous regions: 129->129
[2023-08-14T17:34:54.722+0200][gc,metaspace] GC(7) Metaspace: 49278K(49856K)->49278K(49856K) NonClass: 43584K(43904K)->43584K(43904K) Class: 5694K(5952K)->5694K(5952K)
[2023-08-14T17:34:54.722+0200][gc          ] GC(7) Pause Young (Normal) (G1 Evacuation Pause) 191M->146M(1024M) 42.995ms
[2023-08-14T17:34:54.722+0200][gc,cpu      ] GC(7) User=0.04s Sys=0.10s Real=0.05s
[2023-08-14T18:11:32.486+0200][gc,start    ] GC(8) Pause Young (Normal) (G1 Evacuation Pause)
[2023-08-14T18:11:32.486+0200][gc,task     ] GC(8) Using 8 workers of 8 for evacuation
[2023-08-14T18:11:32.504+0200][gc,phases   ] GC(8)   Pre Evacuate Collection Set: 0.4ms
[2023-08-14T18:11:32.504+0200][gc,phases   ] GC(8)   Merge Heap Roots: 0.1ms
[2023-08-14T18:11:32.504+0200][gc,phases   ] GC(8)   Evacuate Collection Set: 16.3ms
[2023-08-14T18:11:32.504+0200][gc,phases   ] GC(8)   Post Evacuate Collection Set: 0.7ms
[2023-08-14T18:11:32.504+0200][gc,phases   ] GC(8)   Other: 0.4ms
[2023-08-14T18:11:32.504+0200][gc,heap     ] GC(8) Eden regions: 45->0(47)
[2023-08-14T18:11:32.504+0200][gc,heap     ] GC(8) Survivor regions: 6->4(7)
[2023-08-14T18:11:32.504+0200][gc,heap     ] GC(8) Old regions: 12->15
[2023-08-14T18:11:32.504+0200][gc,heap     ] GC(8) Archive regions: 0->0
[2023-08-14T18:11:32.504+0200][gc,heap     ] GC(8) Humongous regions: 129->129
[2023-08-14T18:11:32.504+0200][gc,metaspace] GC(8) Metaspace: 49344K(49920K)->49344K(49920K) NonClass: 43648K(43968K)->43648K(43968K) Class: 5695K(5952K)->5695K(5952K)
[2023-08-14T18:11:32.504+0200][gc          ] GC(8) Pause Young (Normal) (G1 Evacuation Pause) 191M->146M(1024M) 18.018ms
[2023-08-14T18:11:32.504+0200][gc,cpu      ] GC(8) User=0.02s Sys=0.02s Real=0.02s
[2023-08-14T19:15:53.064+0200][gc,start    ] GC(9) Pause Young (Normal) (G1 Evacuation Pause)
[2023-08-14T19:15:53.065+0200][gc,task     ] GC(9) Using 8 workers of 8 for evacuation
[2023-08-14T19:15:53.121+0200][gc,mmu      ] GC(9) MMU target violated: 21.0ms (20.0ms/21.0ms)
[2023-08-14T19:15:53.121+0200][gc,phases   ] GC(9)   Pre Evacuate Collection Set: 1.2ms
[2023-08-14T19:15:53.121+0200][gc,phases   ] GC(9)   Merge Heap Roots: 0.3ms
[2023-08-14T19:15:53.121+0200][gc,phases   ] GC(9)   Evacuate Collection Set: 52.5ms
[2023-08-14T19:15:53.121+0200][gc,phases   ] GC(9)   Post Evacuate Collection Set: 1.4ms
[2023-08-14T19:15:53.121+0200][gc,phases   ] GC(9)   Other: 2.4ms
[2023-08-14T19:15:53.121+0200][gc,heap     ] GC(9) Eden regions: 47->0(47)
[2023-08-14T19:15:53.121+0200][gc,heap     ] GC(9) Survivor regions: 4->4(7)
[2023-08-14T19:15:53.121+0200][gc,heap     ] GC(9) Old regions: 15->15
[2023-08-14T19:15:53.121+0200][gc,heap     ] GC(9) Archive regions: 0->0
[2023-08-14T19:15:53.121+0200][gc,heap     ] GC(9) Humongous regions: 129->129
[2023-08-14T19:15:53.121+0200][gc,metaspace] GC(9) Metaspace: 49362K(49984K)->49362K(49984K) NonClass: 43667K(44032K)->43667K(44032K) Class: 5695K(5952K)->5695K(5952K)
[2023-08-14T19:15:53.121+0200][gc          ] GC(9) Pause Young (Normal) (G1 Evacuation Pause) 193M->146M(1024M) 57.789ms
[2023-08-14T19:15:53.121+0200][gc,cpu      ] GC(9) User=0.02s Sys=0.07s Real=0.06s
[2023-08-15T03:14:15.297+0200][gc,start    ] GC(10) Pause Young (Normal) (G1 Evacuation Pause)
[2023-08-15T03:14:15.298+0200][gc,task     ] GC(10) Using 8 workers of 8 for evacuation
[2023-08-15T03:14:15.318+0200][gc,phases   ] GC(10)   Pre Evacuate Collection Set: 1.2ms
[2023-08-15T03:14:15.318+0200][gc,phases   ] GC(10)   Merge Heap Roots: 0.2ms
[2023-08-15T03:14:15.319+0200][gc,phases   ] GC(10)   Evacuate Collection Set: 16.5ms
[2023-08-15T03:14:15.319+0200][gc,phases   ] GC(10)   Post Evacuate Collection Set: 1.5ms
[2023-08-15T03:14:15.319+0200][gc,phases   ] GC(10)   Other: 2.1ms
[2023-08-15T03:14:15.319+0200][gc,heap     ] GC(10) Eden regions: 47->0(47)
[2023-08-15T03:14:15.319+0200][gc,heap     ] GC(10) Survivor regions: 4->4(7)
[2023-08-15T03:14:15.319+0200][gc,heap     ] GC(10) Old regions: 15->15
[2023-08-15T03:14:15.319+0200][gc,heap     ] GC(10) Archive regions: 0->0
[2023-08-15T03:14:15.319+0200][gc,heap     ] GC(10) Humongous regions: 129->129
[2023-08-15T03:14:15.319+0200][gc,metaspace] GC(10) Metaspace: 49366K(49984K)->49366K(49984K) NonClass: 43671K(44032K)->43671K(44032K) Class: 5695K(5952K)->5695K(5952K)
[2023-08-15T03:14:15.319+0200][gc          ] GC(10) Pause Young (Normal) (G1 Evacuation Pause) 193M->146M(1024M) 21.699ms
[2023-08-15T03:14:15.319+0200][gc,cpu      ] GC(10) User=0.02s Sys=0.02s Real=0.02s
[2023-08-15T09:38:41.761+0200][gc,start    ] GC(11) Pause Young (Normal) (G1 Evacuation Pause)
[2023-08-15T09:38:41.763+0200][gc,task     ] GC(11) Using 8 workers of 8 for evacuation
[2023-08-15T09:38:41.779+0200][gc,phases   ] GC(11)   Pre Evacuate Collection Set: 0.8ms
[2023-08-15T09:38:41.779+0200][gc,phases   ] GC(11)   Merge Heap Roots: 0.5ms
[2023-08-15T09:38:41.779+0200][gc,phases   ] GC(11)   Evacuate Collection Set: 13.5ms
[2023-08-15T09:38:41.779+0200][gc,phases   ] GC(11)   Post Evacuate Collection Set: 1.0ms
[2023-08-15T09:38:41.779+0200][gc,phases   ] GC(11)   Other: 2.6ms
[2023-08-15T09:38:41.779+0200][gc,heap     ] GC(11) Eden regions: 47->0(134)
[2023-08-15T09:38:41.779+0200][gc,heap     ] GC(11) Survivor regions: 4->3(7)
[2023-08-15T09:38:41.779+0200][gc,heap     ] GC(11) Old regions: 15->15
[2023-08-15T09:38:41.779+0200][gc,heap     ] GC(11) Archive regions: 0->0
[2023-08-15T09:38:41.779+0200][gc,heap     ] GC(11) Humongous regions: 129->129
[2023-08-15T09:38:41.779+0200][gc,metaspace] GC(11) Metaspace: 49375K(49984K)->49375K(49984K) NonClass: 43680K(44032K)->43680K(44032K) Class: 5695K(5952K)->5695K(5952K)
[2023-08-15T09:38:41.780+0200][gc          ] GC(11) Pause Young (Normal) (G1 Evacuation Pause) 193M->146M(1024M) 18.265ms
[2023-08-15T09:38:41.780+0200][gc,cpu      ] GC(11) User=0.02s Sys=0.02s Real=0.02s
[2023-08-15T16:27:30.660+0200][gc,start    ] GC(12) Pause Young (Normal) (G1 Evacuation Pause)
[2023-08-15T16:27:30.661+0200][gc,task     ] GC(12) Using 8 workers of 8 for evacuation
[2023-08-15T16:27:30.693+0200][gc,mmu      ] GC(12) MMU target violated: 21.0ms (20.0ms/21.0ms)
[2023-08-15T16:27:30.693+0200][gc,phases   ] GC(12)   Pre Evacuate Collection Set: 1.0ms
[2023-08-15T16:27:30.693+0200][gc,phases   ] GC(12)   Merge Heap Roots: 0.4ms
[2023-08-15T16:27:30.693+0200][gc,phases   ] GC(12)   Evacuate Collection Set: 27.9ms
[2023-08-15T16:27:30.693+0200][gc,phases   ] GC(12)   Post Evacuate Collection Set: 1.3ms
[2023-08-15T16:27:30.693+0200][gc,phases   ] GC(12)   Other: 2.3ms
[2023-08-15T16:27:30.693+0200][gc,heap     ] GC(12) Eden regions: 134->0(348)
[2023-08-15T16:27:30.693+0200][gc,heap     ] GC(12) Survivor regions: 3->3(18)
[2023-08-15T16:27:30.693+0200][gc,heap     ] GC(12) Old regions: 15->15
[2023-08-15T16:27:30.693+0200][gc,heap     ] GC(12) Archive regions: 0->0
[2023-08-15T16:27:30.693+0200][gc,heap     ] GC(12) Humongous regions: 129->129
[2023-08-15T16:27:30.693+0200][gc,metaspace] GC(12) Metaspace: 49390K(49984K)->49390K(49984K) NonClass: 43695K(44032K)->43695K(44032K) Class: 5695K(5952K)->5695K(5952K)
[2023-08-15T16:27:30.693+0200][gc          ] GC(12) Pause Young (Normal) (G1 Evacuation Pause) 280M->146M(1024M) 32.857ms
[2023-08-15T16:27:30.693+0200][gc,cpu      ] GC(12) User=0.02s Sys=0.03s Real=0.03s
[2023-08-16T08:24:52.234+0200][gc,start    ] GC(13) Pause Young (Normal) (G1 Evacuation Pause)
[2023-08-16T08:24:52.236+0200][gc,task     ] GC(13) Using 8 workers of 8 for evacuation
[2023-08-16T08:24:52.256+0200][gc,phases   ] GC(13)   Pre Evacuate Collection Set: 0.9ms
[2023-08-16T08:24:52.257+0200][gc,phases   ] GC(13)   Merge Heap Roots: 0.5ms
[2023-08-16T08:24:52.257+0200][gc,phases   ] GC(13)   Evacuate Collection Set: 14.7ms
[2023-08-16T08:24:52.257+0200][gc,phases   ] GC(13)   Post Evacuate Collection Set: 4.0ms
[2023-08-16T08:24:52.257+0200][gc,phases   ] GC(13)   Other: 2.7ms
[2023-08-16T08:24:52.257+0200][gc,heap     ] GC(13) Eden regions: 348->0(478)
[2023-08-16T08:24:52.257+0200][gc,heap     ] GC(13) Survivor regions: 3->3(44)
[2023-08-16T08:24:52.257+0200][gc,heap     ] GC(13) Old regions: 15->15
[2023-08-16T08:24:52.257+0200][gc,heap     ] GC(13) Archive regions: 0->0
[2023-08-16T08:24:52.257+0200][gc,heap     ] GC(13) Humongous regions: 129->129
[2023-08-16T08:24:52.257+0200][gc,metaspace] GC(13) Metaspace: 49463K(50048K)->49463K(50048K) NonClass: 43768K(44096K)->43768K(44096K) Class: 5695K(5952K)->5695K(5952K)
[2023-08-16T08:24:52.257+0200][gc          ] GC(13) Pause Young (Normal) (G1 Evacuation Pause) 494M->146M(1024M) 22.671ms
[2023-08-16T08:24:52.257+0200][gc,cpu      ] GC(13) User=0.02s Sys=0.03s Real=0.02s
[2023-08-17T07:48:15.553+0200][gc,start    ] GC(14) Pause Young (Normal) (G1 Evacuation Pause)
[2023-08-17T07:48:15.554+0200][gc,task     ] GC(14) Using 8 workers of 8 for evacuation
[2023-08-17T07:48:15.613+0200][gc,mmu      ] GC(14) MMU target violated: 21.0ms (20.0ms/21.0ms)
[2023-08-17T07:48:15.613+0200][gc,phases   ] GC(14)   Pre Evacuate Collection Set: 0.9ms
[2023-08-17T07:48:15.613+0200][gc,phases   ] GC(14)   Merge Heap Roots: 2.2ms
[2023-08-17T07:48:15.613+0200][gc,phases   ] GC(14)   Evacuate Collection Set: 33.7ms
[2023-08-17T07:48:15.613+0200][gc,phases   ] GC(14)   Post Evacuate Collection Set: 21.2ms
[2023-08-17T07:48:15.613+0200][gc,phases   ] GC(14)   Other: 3.3ms
[2023-08-17T07:48:15.613+0200][gc,heap     ] GC(14) Eden regions: 478->0(47)
[2023-08-17T07:48:15.613+0200][gc,heap     ] GC(14) Survivor regions: 3->4(61)
[2023-08-17T07:48:15.613+0200][gc,heap     ] GC(14) Old regions: 15->15
[2023-08-17T07:48:15.613+0200][gc,heap     ] GC(14) Archive regions: 0->0
[2023-08-17T07:48:15.613+0200][gc,heap     ] GC(14) Humongous regions: 129->129
[2023-08-17T07:48:15.613+0200][gc,metaspace] GC(14) Metaspace: 49476K(50048K)->49476K(50048K) NonClass: 43781K(44096K)->43781K(44096K) Class: 5695K(5952K)->5695K(5952K)
[2023-08-17T07:48:15.613+0200][gc          ] GC(14) Pause Young (Normal) (G1 Evacuation Pause) 624M->146M(1024M) 60.605ms
[2023-08-17T07:48:15.613+0200][gc,cpu      ] GC(14) User=0.03s Sys=0.05s Real=0.06s
[2023-08-17T08:27:55.956+0200][gc,start    ] GC(15) Pause Young (Normal) (G1 Evacuation Pause)
[2023-08-17T08:27:55.973+0200][gc,task     ] GC(15) Using 8 workers of 8 for evacuation
[2023-08-17T08:27:55.987+0200][gc,phases   ] GC(15)   Pre Evacuate Collection Set: 0.7ms
[2023-08-17T08:27:55.987+0200][gc,phases   ] GC(15)   Merge Heap Roots: 0.2ms
[2023-08-17T08:27:55.987+0200][gc,phases   ] GC(15)   Evacuate Collection Set: 11.3ms
[2023-08-17T08:27:55.987+0200][gc,phases   ] GC(15)   Post Evacuate Collection Set: 1.3ms
[2023-08-17T08:27:55.987+0200][gc,phases   ] GC(15)   Other: 17.4ms
[2023-08-17T08:27:55.987+0200][gc,heap     ] GC(15) Eden regions: 47->0(54)
[2023-08-17T08:27:55.987+0200][gc,heap     ] GC(15) Survivor regions: 4->3(7)
[2023-08-17T08:27:55.987+0200][gc,heap     ] GC(15) Old regions: 15->15
[2023-08-17T08:27:55.987+0200][gc,heap     ] GC(15) Archive regions: 0->0
[2023-08-17T08:27:55.987+0200][gc,heap     ] GC(15) Humongous regions: 129->129
[2023-08-17T08:27:55.987+0200][gc,metaspace] GC(15) Metaspace: 49484K(50048K)->49484K(50048K) NonClass: 43788K(44096K)->43788K(44096K) Class: 5695K(5952K)->5695K(5952K)
[2023-08-17T08:27:55.987+0200][gc          ] GC(15) Pause Young (Normal) (G1 Evacuation Pause) 193M->146M(1024M) 30.971ms
[2023-08-17T08:27:55.987+0200][gc,cpu      ] GC(15) User=0.02s Sys=0.02s Real=0.03s
[2023-08-17T08:54:02.875+0200][gc,heap,exit] Heap
[2023-08-17T08:54:02.875+0200][gc,heap,exit]  garbage-first heap   total 1048576K, used 190661K [0x00000007c0000000, 0x0000000800000000)
[2023-08-17T08:54:02.875+0200][gc,heap,exit]   region size 1024K, 44 young (45056K), 3 survivors (3072K)
[2023-08-17T08:54:02.875+0200][gc,heap,exit]  Metaspace       used 50065K, committed 50688K, reserved 1097728K
[2023-08-17T08:54:02.875+0200][gc,heap,exit]   class space    used 5843K, committed 6080K, reserved 1048576K
