[2023-08-14T15:31:21.694+0200][gc] Using G1
[2023-08-14T15:31:21.695+0200][gc,init] Version: 17.0.6+10 (release)
[2023-08-14T15:31:21.695+0200][gc,init] CPUs: 8 total, 8 available
[2023-08-14T15:31:21.695+0200][gc,init] Memory: 16384M
[2023-08-14T15:31:21.695+0200][gc,init] Large Page Support: Disabled
[2023-08-14T15:31:21.695+0200][gc,init] NUMA Support: Disabled
[2023-08-14T15:31:21.695+0200][gc,init] Compressed Oops: Enabled (Zero based)
[2023-08-14T15:31:21.695+0200][gc,init] Heap Region Size: 1M
[2023-08-14T15:31:21.695+0200][gc,init] Heap Min Capacity: 512M
[2023-08-14T15:31:21.695+0200][gc,init] Heap Initial Capacity: 512M
[2023-08-14T15:31:21.695+0200][gc,init] Heap Max Capacity: 512M
[2023-08-14T15:31:21.695+0200][gc,init] Pre-touch: Disabled
[2023-08-14T15:31:21.695+0200][gc,init] Parallel Workers: 8
[2023-08-14T15:31:21.695+0200][gc,init] Concurrent Workers: 2
[2023-08-14T15:31:21.695+0200][gc,init] Concurrent Refinement Workers: 8
[2023-08-14T15:31:21.695+0200][gc,init] Periodic GC: Disabled
[2023-08-14T15:31:21.695+0200][gc,metaspace] CDS archive(s) not mapped
[2023-08-14T15:31:21.695+0200][gc,metaspace] Compressed class space mapped at: 0x0000000800000000-0x0000000840000000, reserved size: 1073741824
[2023-08-14T15:31:21.695+0200][gc,metaspace] Narrow klass base: 0x0000000800000000, Narrow klass shift: 0, Narrow klass range: 0x40000000
[2023-08-14T15:31:51.323+0200][gc,start    ] GC(0) Pause Young (Normal) (G1 Evacuation Pause)
[2023-08-14T15:31:51.324+0200][gc,task     ] GC(0) Using 8 workers of 8 for evacuation
[2023-08-14T15:31:51.330+0200][gc,phases   ] GC(0)   Pre Evacuate Collection Set: 0.1ms
[2023-08-14T15:31:51.330+0200][gc,phases   ] GC(0)   Merge Heap Roots: 0.0ms
[2023-08-14T15:31:51.330+0200][gc,phases   ] GC(0)   Evacuate Collection Set: 5.5ms
[2023-08-14T15:31:51.330+0200][gc,phases   ] GC(0)   Post Evacuate Collection Set: 0.4ms
[2023-08-14T15:31:51.330+0200][gc,phases   ] GC(0)   Other: 0.3ms
[2023-08-14T15:31:51.330+0200][gc,heap     ] GC(0) Eden regions: 25->0(21)
[2023-08-14T15:31:51.330+0200][gc,heap     ] GC(0) Survivor regions: 0->4(4)
[2023-08-14T15:31:51.330+0200][gc,heap     ] GC(0) Old regions: 0->4
[2023-08-14T15:31:51.330+0200][gc,heap     ] GC(0) Archive regions: 0->0
[2023-08-14T15:31:51.330+0200][gc,heap     ] GC(0) Humongous regions: 0->0
[2023-08-14T15:31:51.330+0200][gc,metaspace] GC(0) Metaspace: 16117K(16320K)->16117K(16320K) NonClass: 14504K(14592K)->14504K(14592K) Class: 1612K(1728K)->1612K(1728K)
[2023-08-14T15:31:51.330+0200][gc          ] GC(0) Pause Young (Normal) (G1 Evacuation Pause) 25M->7M(512M) 6.394ms
[2023-08-14T15:31:51.330+0200][gc,cpu      ] GC(0) User=0.01s Sys=0.02s Real=0.01s
[2023-08-14T15:31:53.640+0200][gc,heap,exit] Heap
[2023-08-14T15:31:53.640+0200][gc,heap,exit]  garbage-first heap   total 524288K, used 11929K [0x00000007e0000000, 0x0000000800000000)
[2023-08-14T15:31:53.640+0200][gc,heap,exit]   region size 1024K, 8 young (8192K), 4 survivors (4096K)
[2023-08-14T15:31:53.640+0200][gc,heap,exit]  Metaspace       used 16367K, committed 16576K, reserved 1064960K
[2023-08-14T15:31:53.640+0200][gc,heap,exit]   class space    used 1645K, committed 1728K, reserved 1048576K
